// Jest Snapshot v1, https://goo.gl/fbAQLP

exports[`rendering shows empty search box 1`] = `
<div>
  <div
    className="p-a300"
  >
    <div
      className="sh sh--b0"
    >
      <h1
        className="sh-title"
      >
        Renew Your Dog License
      </h1>
    </div>
    <form
      acceptCharset="UTF-8"
      action="/dogs/form"
      className="sf sf--md"
      method="get"
    >
      <input
        name="utf8"
        type="hidden"
        value="âœ“"
      />
      <div
        className="txt"
      >
        <label
          className="txt-l"
          htmlFor="text"
        >
          Owner First Name
        </label>
        <input
          className="txt-f"
          id="text"
          name="firstName"
          onChange={[Function]}
          placeholder="Emily"
          type="text"
          value=""
        />
      </div>
      <div
        className="txt"
      >
        <label
          className="txt-l"
          htmlFor="text"
        >
          Owner Last Name
        </label>
        <input
          className="txt-f"
          id="text"
          name="lastName"
          onChange={[Function]}
          placeholder="Elizabeth"
          type="text"
          value=""
        />
      </div>
      <div
        className="txt"
      >
        <label
          className="txt-l"
          htmlFor="text"
        >
          Dog name
        </label>
        <input
          className="txt-f"
          id="text"
          name="dogName"
          onChange={[Function]}
          placeholder="Clifford"
          type="text"
          value=""
        />
      </div>
      <div
        className="txt"
      >
        <label
          className="txt-l"
          htmlFor="text"
        >
          Year licensed
        </label>
        <input
          className="txt-f"
          id="text"
          name="year"
          onChange={[Function]}
          placeholder="2016"
          type="text"
          value=""
        />
      </div>
      <button
        className="btn"
        type="submit"
      >
        Search for id
      </button>
    </form>
  </div>
  <div />
</div>
`;
